[webangon.com/html/robert/index-3-black.html]
[backblue.gif]
[fade.gif]
[index.html]
[webangon.com/html/robert/site.2.delayed]
[webangon.com/html/robert/favicon.ico]
[webangon.com/html/robert/css/font-awesome.min.css]
[webangon.com/html/robert/css/animate.min.css]
[webangon.com/html/robert/css/jquery.fancybox.css]
[webangon.com/html/robert/css/slicknav.css]
[webangon.com/html/robert/css/jquery.pagepiling.css]
[webangon.com/html/robert/css/bootstrap.min.css]
[webangon.com/html/robert/css/owl.carousel.min.css]
[webangon.com/html/robert/css/line-awesome.css]
[webangon.com/html/robert/css/robert-style.css]
[webangon.com/html/robert/css/robert-responsive.css]
[webangon.com/html/robert/img/logo/logo-white.png]
[webangon.com/html/robert/img/about-img2.png]
[webangon.com/html/robert/img/about.jpg]
[webangon.com/html/robert/img/portfolio/01.jpg]
[webangon.com/html/robert/img/portfolio/02.jpg]
[webangon.com/html/robert/img/portfolio/03.jpg]
[webangon.com/html/robert/img/portfolio/04.jpg]
[webangon.com/html/robert/img/portfolio/08.jpg]
[webangon.com/html/robert/img/portfolio/06.jpg]
[webangon.com/html/robert/img/portfolio/07.jpg]
[webangon.com/html/robert/img/portfolio/05.jpg]
[webangon.com/html/robert/img/portfolio/09.jpg]
[webangon.com/html/robert/img/blog/1.jpg]
[webangon.com/html/robert/img/blog/3.jpg]
[webangon.com/html/robert/img/blog/6.jpg]
[webangon.com/html/robert/img/blog/4.jpg]
[webangon.com/html/robert/img/blog/5.jpg]
[webangon.com/html/robert/img/blog/2.jpg]
[webangon.com/html/robert/js/vendor/modernizr-3.6.0.min.js]
[webangon.com/html/robert/js/bootstrap.min.js]
[webangon.com/html/robert/js/vendor/jquery-3.5.1.min.js]
[webangon.com/html/robert/js/imagesloaded.pkgd.min.js]
[webangon.com/html/robert/js/isotope.pkgd.min.js]
[webangon.com/html/robert/js/fancyBox v2.1.5.js]
[webangon.com/html/robert/js/jquery.parallax-1.1.3.js]
[webangon.com/html/robert/js/jquery.barfiller.js]
[webangon.com/html/robert/js/jquery.pagepiling.min.js]
[webangon.com/html/robert/js/jquery.counterup.min.js]
[webangon.com/html/robert/js/waypoints.min.js]
[webangon.com/html/robert/js/jquery.slicknav.min.js]
[webangon.com/html/robert/js/typewritter.js]
[webangon.com/html/robert/js/owl.carousel.min.js]
[webangon.com/html/robert/js/jquery.scrollUp.min.js]
[webangon.com/html/robert/js/robert-main.js]
[webangon.com/html/robert/js/plugins.js]
[webangon.com/html/robert/index-3-black.html]
[webangon.com/html/robert/site.html]
[webangon.com/html/robert/fonts/fontawesome-webfont3e6e.eot]
[webangon.com/html/robert/fonts/fontawesome-webfontd41d.eot]
[webangon.com/html/robert/fonts/fontawesome-webfont3e6e.woff2]
[webangon.com/html/robert/fonts/fontawesome-webfont3e6e.woff]
[webangon.com/html/robert/fonts/fontawesome-webfont3e6e.ttf]
[webangon.com/html/robert/fonts/fontawesome-webfont3e6e.svg]
[webangon.com/html/robert/css/font-awesome.min.css]
[webangon.com/html/robert/css/animate.min.css]
[webangon.com/html/robert/css/bootstrap.min.css]
[webangon.com/html/robert/img/fancybox/fancybox_sprite.png]
[webangon.com/html/robert/img/fancybox/fancybox_loading.gif]
[webangon.com/html/robert/img/fancybox/blank.gif]
[webangon.com/html/robert/img/fancybox/fancybox_overlay.png]
[webangon.com/html/robert/img/fancybox/fancybox_sprite@2x.3b.delayed]
[webangon.com/html/robert/img/fancybox/fancybox_loading@2x.3c.delayed]
[webangon.com/html/robert/css/jquery.fancybox.css]
[webangon.com/html/robert/css/slicknav.css]
[webangon.com/html/robert/css/jquery.pagepiling.css]
[webangon.com/html/robert/css/owl.video.play.3d.delayed]
[webangon.com/html/robert/css/owl.carousel.min.css]
[webangon.com/html/robert/fonts/la-brands-400.eot]
[webangon.com/html/robert/fonts/la-brands-400.woff2]
[webangon.com/html/robert/fonts/la-brands-400d41d.eot]
[webangon.com/html/robert/fonts/la-brands-400.woff]
[webangon.com/html/robert/fonts/la-brands-400.ttf]
[webangon.com/html/robert/fonts/la-brands-400.svg]
[webangon.com/html/robert/fonts/la-regular-400.eot]
[webangon.com/html/robert/fonts/la-regular-400.woff2]
[webangon.com/html/robert/fonts/la-regular-400.woff]
[webangon.com/html/robert/fonts/la-regular-400d41d.eot]
[webangon.com/html/robert/fonts/la-regular-400.ttf]
[webangon.com/html/robert/fonts/la-regular-400.svg]
[webangon.com/html/robert/fonts/la-solid-900.eot]
[webangon.com/html/robert/fonts/la-solid-900.woff2]
[webangon.com/html/robert/fonts/la-solid-900d41d.eot]
[webangon.com/html/robert/fonts/la-solid-900.woff]
[webangon.com/html/robert/fonts/la-solid-900.ttf]
[webangon.com/html/robert/fonts/la-solid-900.svg]
[webangon.com/html/robert/css/line-awesome.css]
[webangon.com/html/robert/img/3.jpg]
[webangon.com/html/robert/img/bg.png]
[webangon.com/html/robert/img/v2.jpg]
[webangon.com/html/robert/img/demo/banner.jpg]
[webangon.com/html/robert/css/robert-style.css]
[webangon.com/html/robert/css/robert-responsive.css]
[webangon.com/html/robert/fonts/fontawesome-webfont3e6e.svg]
[webangon.com/html/robert/img/fancybox/fancybox_sprite@2x.html]
[webangon.com/html/robert/img/fancybox/fancybox_loading@2x.html]
[webangon.com/html/robert/css/owl.video.play.html]
[webangon.com/html/robert/fonts/la-brands-400.svg]
[webangon.com/html/robert/fonts/la-regular-400.svg]
[webangon.com/html/robert/fonts/la-solid-900.ttf]
[webangon.com/html/robert/fonts/la-solid-900.svg]
